// Jest Snapshot v1, https://goo.gl/fbAQLP

exports[`Testing CartItem should test CartItem snapshot 1`] = `ShallowWrapper {}`;
