// Jest Snapshot v1, https://goo.gl/fbAQLP

exports[`Testing CheckoutPage should test CheckoutPage snapshot 1`] = `ShallowWrapper {}`;
