// Jest Snapshot v1, https://goo.gl/fbAQLP

exports[`Testing CartIcon value should test CartIcon snapshot 1`] = `ShallowWrapper {}`;
